//:copyright-check
//:copyright-fix
//:copyright.check
//:copyright.check.find_main
//:copyright.fix
//:copyright.fix.find_main
//docs/sphinx:sphinx_doc
//docs/sphinx:sphinx_doc_needs
//quality/compiler_warnings/clang:minimal_warnings
//quality/compiler_warnings/clang:strict_warnings
//quality/compiler_warnings/clang:strict_warnings_no_error
//quality/compiler_warnings/clang:third_party_warnings
//quality/compiler_warnings/gcc:minimal_warnings
//quality/compiler_warnings/gcc:strict_warnings
//quality/compiler_warnings/gcc:strict_warnings_no_error
//quality/compiler_warnings/gcc:third_party_warnings
//quality/compiler_warnings:additional_warnings
//quality/compiler_warnings:default_flags
//quality/compiler_warnings:default_link_flags
//quality/compiler_warnings:treat_warnings_as_errors
//quality/coverage:enable_llvm_coverage_for_death_tests
//quality/sanitizer:merged_absolute_env
//quality/sanitizer:suppressions_pkg
//quality/static_analysis:config
//score/message_passing/dependability:dependable_element_message_passing
//score/message_passing/dependability:dependable_element_message_passing_doc
//score/message_passing/dependability:dependable_element_message_passing_doc_needs
//score/message_passing/dependability:dependable_element_message_passing_index
//score/message_passing/dependability:dependable_element_message_passing_rst
//score/message_passing/non_allocating_future:non_allocating_future
//score/message_passing/non_allocating_future:non_allocating_future_test
//score/message_passing/non_allocating_future:non_allocating_future_test_linux
//score/message_passing:message_passing
//score/message_passing:mock
//score/message_passing:qnx_resource_path_test
//score/message_passing:qnx_resource_path_test_linux
//score/mw/com/dependability/requirements/assumed_system_requirements:assumed_system_requirements
//score/mw/com/dependability/requirements/assumed_system_requirements:assumed_system_requirements_test
//score/mw/com/dependability/requirements/component_requirements:component_requirements_ipc
//score/mw/com/dependability/requirements/component_requirements:component_requirements_ipc_test
//score/mw/com/dependability/requirements/feature_requirements:feature_requirements_ipc
//score/mw/com/dependability/requirements/feature_requirements:feature_requirements_ipc_test
//score/mw/com/dependability/safety_analysis/root_causes/proxy/call_method:call_method_fta
//score/mw/com/dependability/safety_analysis/root_causes/proxy/construction:construction_fta
//score/mw/com/dependability/safety_analysis/root_causes/proxy/find_service:service_not_found_fta
//score/mw/com/dependability/safety_analysis/root_causes/proxy/find_service:wrong_service_found_fta
//score/mw/com/dependability/safety_analysis/root_causes/proxy/generic_proxy/generic_proxy_event/getsamplesize_from_generic_proxy_event:the_size_returned_is_bigger_then_the_actual_value_fta
//score/mw/com/dependability/safety_analysis/root_causes/proxy/generic_proxy/getting_access_to_generic_proxy_events:map_containing_nonexistent_events_fta
//score/mw/com/dependability/safety_analysis/root_causes/proxy/get_new_samples_on_an_event:callback_invoked_with_wrong_data_fta
//score/mw/com/dependability/safety_analysis/root_causes/proxy/get_new_samples_on_an_event:callback_not_invoked_despite_samples_available_fta
//score/mw/com/dependability/safety_analysis/root_causes/proxy/start_find_service_construction:start_find_service_callback_is_redundantly_called_fta
//score/mw/com/dependability/safety_analysis/root_causes/proxy/subscribe_for_an_event:subscribe_to_wrong_event_fta
//score/mw/com/dependability/safety_analysis/root_causes/proxy/subscribe_for_an_event:subscribe_with_wrong_max_sample_count_fta
//score/mw/com/dependability/safety_analysis/root_causes/proxy/unsubscribe_for_an_event:does_not_unsubscribe_fta
//score/mw/com/dependability/safety_analysis/root_causes/proxy:root_causes_proxy
//score/mw/com/dependability/safety_analysis/root_causes/skeleton/allocate_an_event_or_field:allocate_in_wrong_memory_fta
//score/mw/com/dependability/safety_analysis/root_causes/skeleton/allocate_an_event_or_field:to_few_memory_allocated_fta
//score/mw/com/dependability/safety_analysis/root_causes/skeleton/creation:creation_of_skeleton_not_possible_fta
//score/mw/com/dependability/safety_analysis/root_causes/skeleton/destruction:no_resources_freed_fta
//score/mw/com/dependability/safety_analysis/root_causes/skeleton/destruction:wrong_resources_freed_fta
//score/mw/com/dependability/safety_analysis/root_causes/skeleton/handle_method_call:wrong_in_args_used_fta
//score/mw/com/dependability/safety_analysis/root_causes/skeleton/handle_method_call:wrong_method_called_fta
//score/mw/com/dependability/safety_analysis/root_causes/skeleton/handle_method_call:wrong_results_provided_fta
//score/mw/com/dependability/safety_analysis/root_causes/skeleton/offer_a_service:offers_already_offered_service_fta
//score/mw/com/dependability/safety_analysis/root_causes/skeleton/offer_a_service:only_partially_offered_fta
//score/mw/com/dependability/safety_analysis/root_causes/skeleton/offer_a_service:service_offered_under_wrong_id_fta
//score/mw/com/dependability/safety_analysis/root_causes/skeleton/offer_a_service:skeleton_not_offered_fta
//score/mw/com/dependability/safety_analysis/root_causes/skeleton/offer_a_service:skeleton_not_offered_without_initial_field_value_fta
//score/mw/com/dependability/safety_analysis/root_causes/skeleton/offer_a_service:skeleton_offered_wrong_binding_fta
//score/mw/com/dependability/safety_analysis/root_causes/skeleton/send_an_event_or_field:changes_user_data_fta
//score/mw/com/dependability/safety_analysis/root_causes/skeleton/send_an_event_or_field:does_not_free_resources_after_usage_fta
//score/mw/com/dependability/safety_analysis/root_causes/skeleton/send_an_event_or_field:only_partially_notifies_user_fta
//score/mw/com/dependability/safety_analysis/root_causes/skeleton/send_an_event_or_field:sends_to_wrong_consumer_fta
//score/mw/com/dependability/safety_analysis/root_causes/skeleton/stop_offer_a_service:only_partially_stop_offer_fta
//score/mw/com/dependability/safety_analysis/root_causes/skeleton/stop_offer_a_service:stop_offer_on_wrong_ids_fta
//score/mw/com/dependability/safety_analysis/root_causes/skeleton:root_causes_skeleton
//score/mw/com/dependability/safety_analysis/root_causes/smart_pointer/method_signature_element_ptr:method_signature_element_ptr_fta
//score/mw/com/dependability/safety_analysis/root_causes/smart_pointer/sample_ptr_sample_allocate_ptr:sample_ptr_sample_allocate_ptr
//score/mw/com/dependability/safety_analysis/root_causes/smart_pointer:smart_pointer_fta
//score/mw/com/dependability/safety_analysis/root_causes:general
//score/mw/com/dependability/safety_analysis:mw_com_fmea
//score/mw/com/dependability/safety_analysis:root_causes
//score/mw/com/dependability:mw_com
//score/mw/com/dependability:mw_com_doc
//score/mw/com/dependability:mw_com_doc_needs
//score/mw/com/dependability:mw_com_index
//score/mw/com/dependability:mw_com_rst
//score/mw/com/example/com-api-example:com-api-example
//score/mw/com/impl/bindings/mock_binding:generic_skeleton_event
//score/mw/com/impl/configuration:mw_com_config.json
//score/mw/com/impl/configuration:mw_com_config_disabled_trace_config.json
//score/mw/com/impl/configuration:mw_com_config_invalid_trace_config_path.json
//score/mw/com/impl/configuration:mw_com_config_other.json
//score/mw/com/impl/configuration:mw_com_config_valid_trace_config.json
//score/mw/com/impl/plumbing:generic_skeleton_event_binding_factory_mock
//score/mw/com/impl/plumbing:proxy_binding_factory_mock
//score/mw/com/impl/plumbing:proxy_event_binding_factory_mock
//score/mw/com/impl/plumbing:proxy_field_binding_factory_mock
//score/mw/com/impl/plumbing:skeleton_binding_factory_mock
//score/mw/com/impl/plumbing:skeleton_event_binding_factory_mock
//score/mw/com/impl/plumbing:skeleton_field_binding_factory_mock
//score/mw/com/impl/rust/com-api/com-api-concept-macros:com-api-concept-macros
//score/mw/com/impl/rust/com-api/com-api-concept:com-api-concept
//score/mw/com/impl/rust/com-api/com-api-ffi-lola:registry_bridge_macro_cpp
//score/mw/com/impl/rust/com-api/com-api-runtime-lola:com-api-runtime-lola
//score/mw/com/impl/rust/com-api/com-api-runtime-mock:com-api-runtime-mock
//score/mw/com/impl/rust/com-api/com-api:com-api
//score/mw/com/impl/tracing/configuration:comtrace_filter_config_broken.json
//score/mw/com/impl/tracing/configuration:comtrace_filter_config_small.json
//score/mw/com/performance_benchmarks/macro_benchmark:logging.json
//score/mw/com/performance_benchmarks/macro_benchmark:lola_benchmarking_client
//score/mw/com/performance_benchmarks/macro_benchmark:lola_benchmarking_service
//score/mw/com/performance_benchmarks/macro_benchmark:mw_com_config.json
//score/mw/com/service_discovery/dependability:dependable_element_service_discovery
//score/mw/com/service_discovery/dependability:dependable_element_service_discovery_doc
//score/mw/com/service_discovery/dependability:dependable_element_service_discovery_doc_needs
//score/mw/com/service_discovery/dependability:dependable_element_service_discovery_index
//score/mw/com/service_discovery/dependability:dependable_element_service_discovery_rst
//score/mw/com/test/generic_skeleton/integration_test:_image_test_generic_generic_interaction
//score/mw/com/test/generic_skeleton/integration_test:_image_test_generic_generic_interaction.digest
//score/mw/com/test/generic_skeleton/integration_test:_image_test_generic_generic_interaction_index_json
//score/mw/com/test/generic_skeleton/integration_test:_image_test_generic_generic_interaction_index_json_cp
//score/mw/com/test/generic_skeleton/integration_test:_image_test_generic_generic_interaction_loader
//score/mw/com/test/generic_skeleton/integration_test:_image_test_generic_generic_interaction_loader_write_tags
//score/mw/com/test/generic_skeleton/integration_test:_image_test_generic_typed_interaction
//score/mw/com/test/generic_skeleton/integration_test:_image_test_generic_typed_interaction.digest
//score/mw/com/test/generic_skeleton/integration_test:_image_test_generic_typed_interaction_index_json
//score/mw/com/test/generic_skeleton/integration_test:_image_test_generic_typed_interaction_index_json_cp
//score/mw/com/test/generic_skeleton/integration_test:_image_test_generic_typed_interaction_loader
//score/mw/com/test/generic_skeleton/integration_test:_image_test_generic_typed_interaction_loader_write_tags
//score/mw/com/test/generic_skeleton/integration_test:_init_ifs_test_generic_generic_interaction
//score/mw/com/test/generic_skeleton/integration_test:_init_ifs_test_generic_typed_interaction
//score/mw/com/test/generic_skeleton/integration_test:_oci_filesystem_test_generic_generic_interaction
//score/mw/com/test/generic_skeleton/integration_test:_oci_filesystem_test_generic_typed_interaction
//score/mw/com/test/generic_skeleton/integration_test:test_generic_generic_interaction
//score/mw/com/test/generic_skeleton/integration_test:test_generic_typed_interaction
//score/mw/com/test/generic_skeleton/integration_test:tests
//score/mw/com/test/generic_skeleton:generic_generic_interaction_16_byte_app
//score/mw/com/test/generic_skeleton:generic_generic_interaction_32_byte_app
//score/mw/com/test/generic_skeleton:generic_generic_interaction_64_byte_app
//score/mw/com/test/generic_skeleton:generic_generic_interaction_8_byte_app
//score/mw/com/test/generic_skeleton:generic_generic_interaction_app-pkg_etc
//score/mw/com/test/generic_skeleton:generic_typed_interaction_16_byte_app
//score/mw/com/test/generic_skeleton:generic_typed_interaction_32_byte_app
//score/mw/com/test/generic_skeleton:generic_typed_interaction_64_byte_app
//score/mw/com/test/generic_skeleton:generic_typed_interaction_8_byte_app
//score/mw/com/test/generic_skeleton:generic_typed_interaction_app-pkg_etc
//score/mw/com:com
//score/mw/com:config_schema
//score/mw/com:test_types
//score/mw/service/backend/mw_com:provided_service_builder
//score/mw/service/backend/mw_com:provided_service_decorator
//score/mw/service/backend/mw_com:single_instantiation_strategy
//score/mw/service:factory
//score/mw/service:provided_service
//score/mw/service:provided_service_container
//score/mw/service:proxy_future
//score/mw/service:service
//third_party/cr_checker:config
//third_party/cr_checker:templates
//third_party/jsonschema:jsonschema
//third_party/score_baselibs:bitmanipulation
//third_party/score_baselibs:bitmanipulation_doc
//third_party/score_baselibs:bitmanipulation_doc_needs
//third_party/score_baselibs:bitmanipulation_index
//third_party/score_baselibs:containers
//third_party/score_baselibs:containers_doc
//third_party/score_baselibs:containers_doc_needs
//third_party/score_baselibs:containers_index
//third_party/score_baselibs:futurecpp
//third_party/score_baselibs:futurecpp_doc
//third_party/score_baselibs:futurecpp_doc_needs
//third_party/score_baselibs:futurecpp_index
//third_party/score_baselibs:os
//third_party/score_baselibs:os_doc
//third_party/score_baselibs:os_doc_needs
//third_party/score_baselibs:os_index
//third_party/score_requirement_model:requirement_metamodel
